// Jest Snapshot v1, https://goo.gl/fbAQLP

exports[`DogCard renders a DogCard component 1`] = `
<Fragment>
  <div
    className="dog-img-wrapper"
  >
    <img
      alt="dog img"
      className="dog-img"
      src="testImage.jpeg"
    />
  </div>
</Fragment>
`;
